Archive member included because of file (symbol)

/home/tjohann/avr_sdk/lib/libavrhelper.a(libavrhelper.o)
                              template.o (helper_dummy)
/home/tjohann/avr_sdk/lib/libavrserial.a(libavrserial.o)
                              template.o (serial_setup_async_normal_mode)
/home/tjohann/avr_sdk/lib/libavrcyclon.a(libavrcyclon.o)
                              template.o (cyclon_dummy)
/usr/lib64/gcc/avr/4.8.3/avr5/libgcc.a(_exit.o)
                              /usr/lib64/gcc/avr/4.8.3/../../../../avr/lib/avr5/crtm168p.o (exit)

Discarded input sections

 .bss           0x0000000000000000        0x0 /usr/lib64/gcc/avr/4.8.3/../../../../avr/lib/avr5/crtm168p.o
 .text          0x0000000000000000        0x0 template.o
 .bss           0x0000000000000000        0x0 template.o
 .text          0x0000000000000000        0x0 /home/tjohann/avr_sdk/lib/libavrhelper.a(libavrhelper.o)
 .bss           0x0000000000000000        0x0 /home/tjohann/avr_sdk/lib/libavrhelper.a(libavrhelper.o)
 .text          0x0000000000000000        0x0 /home/tjohann/avr_sdk/lib/libavrserial.a(libavrserial.o)
 .bss           0x0000000000000000        0x0 /home/tjohann/avr_sdk/lib/libavrserial.a(libavrserial.o)
 .text.serial_setup_async_double_speed
                0x0000000000000000        0xe /home/tjohann/avr_sdk/lib/libavrserial.a(libavrserial.o)
 .text.serial_setup_sync_master
                0x0000000000000000        0xe /home/tjohann/avr_sdk/lib/libavrserial.a(libavrserial.o)
 .text          0x0000000000000000        0x0 /home/tjohann/avr_sdk/lib/libavrcyclon.a(libavrcyclon.o)
 .bss           0x0000000000000000        0x0 /home/tjohann/avr_sdk/lib/libavrcyclon.a(libavrcyclon.o)
 .text          0x0000000000000000        0x0 /usr/lib64/gcc/avr/4.8.3/avr5/libgcc.a(_exit.o)
 .bss           0x0000000000000000        0x0 /usr/lib64/gcc/avr/4.8.3/avr5/libgcc.a(_exit.o)
 .text.libgcc.mul
                0x0000000000000000        0x0 /usr/lib64/gcc/avr/4.8.3/avr5/libgcc.a(_exit.o)
 .text.libgcc.div
                0x0000000000000000        0x0 /usr/lib64/gcc/avr/4.8.3/avr5/libgcc.a(_exit.o)
 .text.libgcc   0x0000000000000000        0x0 /usr/lib64/gcc/avr/4.8.3/avr5/libgcc.a(_exit.o)
 .text.libgcc.prologue
                0x0000000000000000        0x0 /usr/lib64/gcc/avr/4.8.3/avr5/libgcc.a(_exit.o)
 .text.libgcc.builtins
                0x0000000000000000        0x0 /usr/lib64/gcc/avr/4.8.3/avr5/libgcc.a(_exit.o)
 .text.libgcc.fmul
                0x0000000000000000        0x0 /usr/lib64/gcc/avr/4.8.3/avr5/libgcc.a(_exit.o)
 .text.libgcc.fixed
                0x0000000000000000        0x0 /usr/lib64/gcc/avr/4.8.3/avr5/libgcc.a(_exit.o)

Memory Configuration

Name             Origin             Length             Attributes
text             0x0000000000000000 0x0000000000020000 xr
data             0x0000000000800060 0x000000000000ffa0 rw !x
eeprom           0x0000000000810000 0x0000000000010000 rw !x
fuse             0x0000000000820000 0x0000000000000400 rw !x
lock             0x0000000000830000 0x0000000000000400 rw !x
signature        0x0000000000840000 0x0000000000000400 rw !x
*default*        0x0000000000000000 0xffffffffffffffff

Linker script and memory map

Address of section .data set to 0x800100
LOAD /usr/lib64/gcc/avr/4.8.3/../../../../avr/lib/avr5/crtm168p.o
LOAD template.o
LOAD /home/tjohann/avr_sdk/lib/libavrhelper.a
LOAD /home/tjohann/avr_sdk/lib/libavrserial.a
LOAD /home/tjohann/avr_sdk/lib/libavrcyclon.a
START GROUP
LOAD /usr/lib64/gcc/avr/4.8.3/avr5/libgcc.a
LOAD /usr/lib64/gcc/avr/4.8.3/../../../../avr/lib/avr5/libm.a
LOAD /usr/lib64/gcc/avr/4.8.3/../../../../avr/lib/avr5/libc.a
END GROUP

.hash
 *(.hash)

.dynsym
 *(.dynsym)

.dynstr
 *(.dynstr)

.gnu.version
 *(.gnu.version)

.gnu.version_d
 *(.gnu.version_d)

.gnu.version_r
 *(.gnu.version_r)

.rel.init
 *(.rel.init)

.rela.init
 *(.rela.init)

.rel.text
 *(.rel.text)
 *(.rel.text.*)
 *(.rel.gnu.linkonce.t*)

.rela.text
 *(.rela.text)
 *(.rela.text.*)
 *(.rela.gnu.linkonce.t*)

.rel.fini
 *(.rel.fini)

.rela.fini
 *(.rela.fini)

.rel.rodata
 *(.rel.rodata)
 *(.rel.rodata.*)
 *(.rel.gnu.linkonce.r*)

.rela.rodata
 *(.rela.rodata)
 *(.rela.rodata.*)
 *(.rela.gnu.linkonce.r*)

.rel.data
 *(.rel.data)
 *(.rel.data.*)
 *(.rel.gnu.linkonce.d*)

.rela.data
 *(.rela.data)
 *(.rela.data.*)
 *(.rela.gnu.linkonce.d*)

.rel.ctors
 *(.rel.ctors)

.rela.ctors
 *(.rela.ctors)

.rel.dtors
 *(.rel.dtors)

.rela.dtors
 *(.rela.dtors)

.rel.got
 *(.rel.got)

.rela.got
 *(.rela.got)

.rel.bss
 *(.rel.bss)

.rela.bss
 *(.rela.bss)

.rel.plt
 *(.rel.plt)

.rela.plt
 *(.rela.plt)

.text           0x0000000000000000      0x110
 *(.vectors)
 .vectors       0x0000000000000000       0x68 /usr/lib64/gcc/avr/4.8.3/../../../../avr/lib/avr5/crtm168p.o
                0x0000000000000000                __vectors
                0x0000000000000000                __vector_default
 *(.vectors)
 *(.progmem.gcc*)
                0x0000000000000068                . = ALIGN (0x2)
                0x0000000000000068                __trampolines_start = .
 *(.trampolines)
 .trampolines   0x0000000000000068        0x0 linker stubs
 *(.trampolines*)
                0x0000000000000068                __trampolines_end = .
 *(.progmem*)
                0x0000000000000068                . = ALIGN (0x2)
 *(.jumptables)
 *(.jumptables*)
 *(.lowtext)
 *(.lowtext*)
                0x0000000000000068                __ctors_start = .
 *(.ctors)
                0x0000000000000068                __ctors_end = .
                0x0000000000000068                __dtors_start = .
 *(.dtors)
                0x0000000000000068                __dtors_end = .
 SORT(*)(.ctors)
 SORT(*)(.dtors)
 *(.init0)
 .init0         0x0000000000000068        0x0 /usr/lib64/gcc/avr/4.8.3/../../../../avr/lib/avr5/crtm168p.o
                0x0000000000000068                __init
 *(.init0)
 *(.init1)
 *(.init1)
 *(.init2)
 .init2         0x0000000000000068        0xc /usr/lib64/gcc/avr/4.8.3/../../../../avr/lib/avr5/crtm168p.o
 *(.init2)
 *(.init3)
 *(.init3)
 *(.init4)
 *(.init4)
 *(.init5)
 *(.init5)
 *(.init6)
 *(.init6)
 *(.init7)
 *(.init7)
 *(.init8)
 *(.init8)
 *(.init9)
 .init9         0x0000000000000074        0x4 /usr/lib64/gcc/avr/4.8.3/../../../../avr/lib/avr5/crtm168p.o
 *(.init9)
 *(.text)
 .text          0x0000000000000078        0x2 /usr/lib64/gcc/avr/4.8.3/../../../../avr/lib/avr5/crtm168p.o
                0x0000000000000078                __vector_22
                0x0000000000000078                __vector_1
                0x0000000000000078                __vector_24
                0x0000000000000078                __vector_12
                0x0000000000000078                __bad_interrupt
                0x0000000000000078                __vector_6
                0x0000000000000078                __vector_3
                0x0000000000000078                __vector_23
                0x0000000000000078                __vector_25
                0x0000000000000078                __vector_11
                0x0000000000000078                __vector_13
                0x0000000000000078                __vector_17
                0x0000000000000078                __vector_19
                0x0000000000000078                __vector_7
                0x0000000000000078                __vector_5
                0x0000000000000078                __vector_4
                0x0000000000000078                __vector_9
                0x0000000000000078                __vector_2
                0x0000000000000078                __vector_21
                0x0000000000000078                __vector_15
                0x0000000000000078                __vector_8
                0x0000000000000078                __vector_14
                0x0000000000000078                __vector_10
                0x0000000000000078                __vector_16
                0x0000000000000078                __vector_18
                0x0000000000000078                __vector_20
                0x000000000000007a                . = ALIGN (0x2)
 *(.text.*)
 .text.init_template
                0x000000000000007a        0x4 template.o
                0x000000000000007a                init_template
 .text.startup.main
                0x000000000000007e       0x2a template.o
                0x000000000000007e                main
 .text.helper_dummy
                0x00000000000000a8        0x2 /home/tjohann/avr_sdk/lib/libavrhelper.a(libavrhelper.o)
                0x00000000000000a8                helper_dummy
 .text.serial_setup_usart
                0x00000000000000aa       0x54 /home/tjohann/avr_sdk/lib/libavrserial.a(libavrserial.o)
                0x00000000000000aa                serial_setup_usart
 .text.serial_setup_async_normal_mode
                0x00000000000000fe        0xc /home/tjohann/avr_sdk/lib/libavrserial.a(libavrserial.o)
                0x00000000000000fe                serial_setup_async_normal_mode
 .text.cyclon_dummy
                0x000000000000010a        0x2 /home/tjohann/avr_sdk/lib/libavrcyclon.a(libavrcyclon.o)
                0x000000000000010a                cyclon_dummy
                0x000000000000010c                . = ALIGN (0x2)
 *(.fini9)
 .fini9         0x000000000000010c        0x0 /usr/lib64/gcc/avr/4.8.3/avr5/libgcc.a(_exit.o)
                0x000000000000010c                exit
                0x000000000000010c                _exit
 *(.fini9)
 *(.fini8)
 *(.fini8)
 *(.fini7)
 *(.fini7)
 *(.fini6)
 *(.fini6)
 *(.fini5)
 *(.fini5)
 *(.fini4)
 *(.fini4)
 *(.fini3)
 *(.fini3)
 *(.fini2)
 *(.fini2)
 *(.fini1)
 *(.fini1)
 *(.fini0)
 .fini0         0x000000000000010c        0x4 /usr/lib64/gcc/avr/4.8.3/avr5/libgcc.a(_exit.o)
 *(.fini0)
                0x0000000000000110                _etext = .

.data           0x0000000000800100        0x0 load address 0x0000000000000110
                0x0000000000800100                PROVIDE (__data_start, .)
 *(.data)
 .data          0x0000000000800100        0x0 /usr/lib64/gcc/avr/4.8.3/../../../../avr/lib/avr5/crtm168p.o
 .data          0x0000000000800100        0x0 template.o
 .data          0x0000000000800100        0x0 /home/tjohann/avr_sdk/lib/libavrhelper.a(libavrhelper.o)
 .data          0x0000000000800100        0x0 /home/tjohann/avr_sdk/lib/libavrserial.a(libavrserial.o)
 .data          0x0000000000800100        0x0 /home/tjohann/avr_sdk/lib/libavrcyclon.a(libavrcyclon.o)
 .data          0x0000000000800100        0x0 /usr/lib64/gcc/avr/4.8.3/avr5/libgcc.a(_exit.o)
 *(.data*)
 *(.rodata)
 *(.rodata*)
 *(.gnu.linkonce.d*)
                0x0000000000800100                . = ALIGN (0x2)
                0x0000000000800100                _edata = .
                0x0000000000800100                PROVIDE (__data_end, .)

.bss            0x0000000000800100        0x0
                0x0000000000800100                PROVIDE (__bss_start, .)
 *(.bss)
 *(.bss*)
 *(COMMON)
                0x0000000000800100                PROVIDE (__bss_end, .)
                0x0000000000000110                __data_load_start = LOADADDR (.data)
                0x0000000000000110                __data_load_end = (__data_load_start + SIZEOF (.data))

.noinit         0x0000000000800100        0x0
                0x0000000000800100                PROVIDE (__noinit_start, .)
 *(.noinit*)
                0x0000000000800100                PROVIDE (__noinit_end, .)
                0x0000000000800100                _end = .
                0x0000000000800100                PROVIDE (__heap_start, .)

.eeprom         0x0000000000810000        0x0
 *(.eeprom*)
                0x0000000000810000                __eeprom_end = .

.fuse
 *(.fuse)
 *(.lfuse)
 *(.hfuse)
 *(.efuse)

.lock
 *(.lock*)

.signature
 *(.signature*)

.stab           0x0000000000000000      0x6cc
 *(.stab)
 .stab          0x0000000000000000      0x6cc /usr/lib64/gcc/avr/4.8.3/../../../../avr/lib/avr5/crtm168p.o

.stabstr        0x0000000000000000       0x54
 *(.stabstr)
 .stabstr       0x0000000000000000       0x54 /usr/lib64/gcc/avr/4.8.3/../../../../avr/lib/avr5/crtm168p.o

.stab.excl
 *(.stab.excl)

.stab.exclstr
 *(.stab.exclstr)

.stab.index
 *(.stab.index)

.stab.indexstr
 *(.stab.indexstr)

.comment        0x0000000000000000       0x11
 *(.comment)
 .comment       0x0000000000000000       0x11 template.o
                                         0x12 (size before relaxing)
 .comment       0x0000000000000000       0x12 /home/tjohann/avr_sdk/lib/libavrhelper.a(libavrhelper.o)
 .comment       0x0000000000000000       0x12 /home/tjohann/avr_sdk/lib/libavrserial.a(libavrserial.o)
 .comment       0x0000000000000000       0x12 /home/tjohann/avr_sdk/lib/libavrcyclon.a(libavrcyclon.o)

.note.gnu.build-id
 *(.note.gnu.build-id)

.debug
 *(.debug)

.line
 *(.line)

.debug_srcinfo
 *(.debug_srcinfo)

.debug_sfnames
 *(.debug_sfnames)

.debug_aranges  0x0000000000000000       0xc0
 *(.debug_aranges)
 .debug_aranges
                0x0000000000000000       0x28 template.o
 .debug_aranges
                0x0000000000000028       0x20 /home/tjohann/avr_sdk/lib/libavrhelper.a(libavrhelper.o)
 .debug_aranges
                0x0000000000000048       0x38 /home/tjohann/avr_sdk/lib/libavrserial.a(libavrserial.o)
 .debug_aranges
                0x0000000000000080       0x20 /home/tjohann/avr_sdk/lib/libavrcyclon.a(libavrcyclon.o)
 .debug_aranges
                0x00000000000000a0       0x20 /usr/lib64/gcc/avr/4.8.3/avr5/libgcc.a(_exit.o)

.debug_pubnames
 *(.debug_pubnames)

.debug_info     0x0000000000000000      0x538
 *(.debug_info .gnu.linkonce.wi.*)
 .debug_info    0x0000000000000000      0x1e2 template.o
 .debug_info    0x00000000000001e2       0x37 /home/tjohann/avr_sdk/lib/libavrhelper.a(libavrhelper.o)
 .debug_info    0x0000000000000219      0x24c /home/tjohann/avr_sdk/lib/libavrserial.a(libavrserial.o)
 .debug_info    0x0000000000000465       0x4c /home/tjohann/avr_sdk/lib/libavrcyclon.a(libavrcyclon.o)
 .debug_info    0x00000000000004b1       0x87 /usr/lib64/gcc/avr/4.8.3/avr5/libgcc.a(_exit.o)

.debug_abbrev   0x0000000000000000      0x2ce
 *(.debug_abbrev)
 .debug_abbrev  0x0000000000000000      0x14a template.o
 .debug_abbrev  0x000000000000014a       0x2c /home/tjohann/avr_sdk/lib/libavrhelper.a(libavrhelper.o)
 .debug_abbrev  0x0000000000000176       0xf7 /home/tjohann/avr_sdk/lib/libavrserial.a(libavrserial.o)
 .debug_abbrev  0x000000000000026d       0x4d /home/tjohann/avr_sdk/lib/libavrcyclon.a(libavrcyclon.o)
 .debug_abbrev  0x00000000000002ba       0x14 /usr/lib64/gcc/avr/4.8.3/avr5/libgcc.a(_exit.o)

.debug_line     0x0000000000000000      0x2d7
 *(.debug_line .debug_line.* .debug_line_end)
 .debug_line    0x0000000000000000      0x103 template.o
 .debug_line    0x0000000000000103       0x3e /home/tjohann/avr_sdk/lib/libavrhelper.a(libavrhelper.o)
 .debug_line    0x0000000000000141       0xc2 /home/tjohann/avr_sdk/lib/libavrserial.a(libavrserial.o)
 .debug_line    0x0000000000000203       0x6f /home/tjohann/avr_sdk/lib/libavrcyclon.a(libavrcyclon.o)
 .debug_line    0x0000000000000272       0x65 /usr/lib64/gcc/avr/4.8.3/avr5/libgcc.a(_exit.o)

.debug_frame    0x0000000000000000       0xd0
 *(.debug_frame)
 .debug_frame   0x0000000000000000       0x34 template.o
 .debug_frame   0x0000000000000034       0x24 /home/tjohann/avr_sdk/lib/libavrhelper.a(libavrhelper.o)
 .debug_frame   0x0000000000000058       0x54 /home/tjohann/avr_sdk/lib/libavrserial.a(libavrserial.o)
 .debug_frame   0x00000000000000ac       0x24 /home/tjohann/avr_sdk/lib/libavrcyclon.a(libavrcyclon.o)

.debug_str      0x0000000000000000      0x332
 *(.debug_str)
 .debug_str     0x0000000000000000      0x1b7 template.o
                                        0x1eb (size before relaxing)
 .debug_str     0x00000000000001b7       0x36 /home/tjohann/avr_sdk/lib/libavrhelper.a(libavrhelper.o)
                                         0xab (size before relaxing)
 .debug_str     0x00000000000001ed      0x10f /home/tjohann/avr_sdk/lib/libavrserial.a(libavrserial.o)
                                        0x256 (size before relaxing)
 .debug_str     0x00000000000002fc       0x36 /home/tjohann/avr_sdk/lib/libavrcyclon.a(libavrcyclon.o)
                                         0xb8 (size before relaxing)

.debug_loc      0x0000000000000000      0x10a
 *(.debug_loc)
 .debug_loc     0x0000000000000000      0x10a /home/tjohann/avr_sdk/lib/libavrserial.a(libavrserial.o)

.debug_macinfo
 *(.debug_macinfo)

.debug_weaknames
 *(.debug_weaknames)

.debug_funcnames
 *(.debug_funcnames)

.debug_typenames
 *(.debug_typenames)

.debug_varnames
 *(.debug_varnames)

.debug_pubtypes
 *(.debug_pubtypes)

.debug_ranges   0x0000000000000000       0x60
 *(.debug_ranges)
 .debug_ranges  0x0000000000000000       0x18 template.o
 .debug_ranges  0x0000000000000018       0x10 /home/tjohann/avr_sdk/lib/libavrhelper.a(libavrhelper.o)
 .debug_ranges  0x0000000000000028       0x28 /home/tjohann/avr_sdk/lib/libavrserial.a(libavrserial.o)
 .debug_ranges  0x0000000000000050       0x10 /home/tjohann/avr_sdk/lib/libavrcyclon.a(libavrcyclon.o)

.debug_macro
 *(.debug_macro)
OUTPUT(template.elf elf32-avr)
LOAD linker stubs
